main.c:113:5:main	16	static
main.c:184:6:SystemClock_Config	88	static
main.c:229:13:MX_ADC1_Init	24	static
main.c:279:13:MX_TIM2_Init	32	static
main.c:324:13:MX_TIM3_Init	32	static
main.c:369:13:MX_USART2_UART_Init	8	static
main.c:400:13:MX_DMA_Init	16	static
main.c:418:13:MX_GPIO_Init	48	static
main.c:454:6:VirtualTimer_Init	16	static
main.c:460:6:VirtualTimer_Increment	16	static
main.c:469:6:VirtualTimer_Restart	16	static
main.c:473:9:VirtualTimer_Finished	16	static
main.c:476:6:VirtualTimer_Disable	16	static
main.c:483:7:RawADC2Resistance	24	static
main.c:489:6:HAL_ADC_ConvCpltCallback	16	static
main.c:502:6:HAL_TIM_PeriodElapsedCallback	16	static
main.c:529:6:Error_Handler	4	static,ignoring_inline_asm
