main.c:143:5:main	16	static
main.c:253:6:SystemClock_Config	88	static
main.c:298:13:MX_ADC1_Init	24	static
main.c:348:13:MX_TIM1_Init	96	static
main.c:423:13:MX_TIM2_Init	32	static
main.c:468:13:MX_TIM3_Init	32	static
main.c:513:13:MX_USART2_UART_Init	8	static
main.c:544:13:MX_DMA_Init	16	static
main.c:562:13:MX_GPIO_Init	48	static
main.c:597:12:TIM3_Encoder_Init	80	static
main.c:674:6:VirtualTimer_Init	16	static
main.c:680:6:VirtualTimer_Increment	16	static
main.c:689:6:VirtualTimer_Restart	16	static
main.c:693:9:VirtualTimer_Finished	16	static
main.c:696:6:VirtualTimer_Disable	16	static
main.c:703:7:RawADC2Resistance	24	static
main.c:708:10:Encoder	16	static
main.c:717:6:SetMotorDirection	16	static
main.c:732:6:SystemStandby	8	static
main.c:743:6:HAL_ADC_ConvCpltCallback	16	static
main.c:756:6:HAL_TIM_PeriodElapsedCallback	16	static
main.c:783:6:Error_Handler	4	static,ignoring_inline_asm
