16:21:59 **** Incremental Build of configuration Debug for project LightIntensity ****
make -j8 all 
arm-none-eabi-gcc "../Core/Src/main.c" -mcpu=cortex-m4 -std=gnu11 -g3 -DDEBUG -DUSE_HAL_DRIVER -DSTM32F411xE -c -I../Core/Inc -I../Drivers/STM32F4xx_HAL_Driver/Inc -I../Drivers/STM32F4xx_HAL_Driver/Inc/Legacy -I../Drivers/CMSIS/Device/ST/STM32F4xx/Include -I../Drivers/CMSIS/Include -O0 -ffunction-sections -fdata-sections -Wall -fstack-usage -MMD -MP -MF"Core/Src/main.d" -MT"Core/Src/main.o" --specs=nano.specs -mfpu=fpv4-sp-d16 -mfloat-abi=hard -mthumb -o "Core/Src/main.o"
../Core/Src/main.c: In function 'main':
../Core/Src/main.c:152:3: warning: implicit declaration of function 'HD44780_Init' [-Wimplicit-function-declaration]
  152 |   HD44780_Init();
      |   ^~~~~~~~~~~~
../Core/Src/main.c:156:3: warning: implicit declaration of function 'HD44780_ClrScr' [-Wimplicit-function-declaration]
  156 |   HD44780_ClrScr();
      |   ^~~~~~~~~~~~~~
../Core/Src/main.c:157:3: warning: implicit declaration of function 'HD44780_GotoXY' [-Wimplicit-function-declaration]
  157 |   HD44780_GotoXY(0,0);
      |   ^~~~~~~~~~~~~~
../Core/Src/main.c:158:3: warning: implicit declaration of function 'HD44780_PutStr' [-Wimplicit-function-declaration]
  158 |   HD44780_PutStr("Light Intensity");
      |   ^~~~~~~~~~~~~~
arm-none-eabi-gcc -o "LightIntensity.elf" @"objects.list"   -mcpu=cortex-m4 -T"C:\Users\yodav\Documents\Conestoga_College\SECOND_TERM\SoftwareHardwareInterfacing\LightIntensityV2\LightIntensity\STM32F411RETX_FLASH.ld" --specs=nosys.specs -Wl,-Map="LightIntensity.map" -Wl,--gc-sections -static --specs=nano.specs -mfpu=fpv4-sp-d16 -mfloat-abi=hard -mthumb -u _printf_float -Wl,--start-group -lc -lm -Wl,--end-group
Finished building target: LightIntensity.elf
 
arm-none-eabi-objdump -h -S  LightIntensity.elf  > "LightIntensity.list"
arm-none-eabi-objcopy  -O binary  LightIntensity.elf  "LightIntensity.bin"
arm-none-eabi-size   LightIntensity.elf 
   text	   data	    bss	    dec	    hex	filename
  31848	    488	   2008	  34344	   8628	LightIntensity.elf
Finished building: default.size.stdout
Finished building: LightIntensity.bin
 
 
Finished building: LightIntensity.list
 

16:22:01 Build Finished. 0 errors, 4 warnings. (took 1s.140ms)

