main.c:101:5:main	8	static
main.c:160:6:SystemClock_Config	88	static
main.c:205:13:MX_ADC1_Init	24	static
main.c:255:13:MX_TIM2_Init	32	static
main.c:300:13:MX_TIM3_Init	32	static
main.c:345:13:MX_USART2_UART_Init	8	static
main.c:376:13:MX_DMA_Init	16	static
main.c:394:13:MX_GPIO_Init	48	static
main.c:430:6:VirtualTimer_Init	16	static
main.c:436:6:VirtualTimer_Increment	16	static
main.c:445:6:VirtualTimer_Restart	16	static
main.c:449:9:VirtualTimer_Finished	16	static
main.c:452:6:VirtualTimer_Disable	16	static
main.c:460:6:HAL_ADC_ConvCpltCallback	16	static
main.c:473:6:HAL_TIM_PeriodElapsedCallback	16	static
main.c:500:6:Error_Handler	4	static,ignoring_inline_asm
