main.c:110:5:main	16	static
main.c:169:6:SystemClock_Config	88	static
main.c:214:13:MX_ADC1_Init	24	static
main.c:264:13:MX_TIM2_Init	32	static
main.c:309:13:MX_TIM3_Init	32	static
main.c:354:13:MX_USART2_UART_Init	8	static
main.c:385:13:MX_DMA_Init	16	static
main.c:403:13:MX_GPIO_Init	48	static
main.c:439:6:VirtualTimer_Init	16	static
main.c:445:6:VirtualTimer_Increment	16	static
main.c:454:6:VirtualTimer_Restart	16	static
main.c:458:9:VirtualTimer_Finished	16	static
main.c:461:6:VirtualTimer_Disable	16	static
main.c:468:7:RawADC2Resistance	24	static
main.c:474:6:HAL_ADC_ConvCpltCallback	16	static
main.c:487:6:HAL_TIM_PeriodElapsedCallback	16	static
main.c:514:6:Error_Handler	4	static,ignoring_inline_asm
